{
    "numlags": 400,
    "results": [
        {
            "mean": 0.1609402976331557,
            "order": [
                1,
                1,
                1
            ],
            "rmse": 0.3684769195634832,
            "tstamp": 1640126129.8519688
        },
        {
            "mean": 0.1609402976331557,
            "order": [
                6,
                0,
                0
            ],
            "rmse": 0.37616286630017254,
            "tstamp": 1640126129.8519688
        },
        {
            "mean": 0.1609402976331557,
            "order": [
                2,
                1,
                0
            ],
            "rmse": 0.4220182252963796,
            "tstamp": 1640126129.8519688
        },
        {
            "mean": 0.028685712029200113,
            "order": [
                6,
                1,
                1
            ],
            "rmse": 0.3450740980759673,
            "tstamp": 1640310610.2789512
        },
        {
            "mean": 0.028685712029200113,
            "order": [
                5,
                0,
                3
            ],
            "rmse": 0.347208652475499,
            "tstamp": 1640310610.2789512
        },
        {
            "mean": 0.028685712029200113,
            "order": [
                5,
                1,
                0
            ],
            "rmse": 0.3793431265120785,
            "tstamp": 1640310610.2789512
        }
    ],
    "stream": "portfolio_c2_55_expected.json",
    "todo": [
        [
            0,
            0,
            0
        ],
        [
            0,
            0,
            1
        ],
        [
            0,
            0,
            3
        ],
        [
            0,
            1,
            0
        ],
        [
            0,
            1,
            1
        ],
        [
            0,
            1,
            3
        ],
        [
            0,
            3,
            0
        ],
        [
            0,
            3,
            1
        ],
        [
            0,
            3,
            3
        ],
        [
            1,
            0,
            0
        ],
        [
            1,
            0,
            1
        ],
        [
            1,
            0,
            3
        ],
        [
            1,
            1,
            0
        ],
        [
            1,
            1,
            3
        ],
        [
            1,
            3,
            0
        ],
        [
            1,
            3,
            1
        ],
        [
            1,
            3,
            3
        ],
        [
            2,
            0,
            0
        ],
        [
            2,
            0,
            1
        ],
        [
            2,
            0,
            3
        ],
        [
            2,
            1,
            1
        ],
        [
            2,
            1,
            3
        ],
        [
            2,
            3,
            0
        ],
        [
            2,
            3,
            1
        ],
        [
            2,
            3,
            3
        ],
        [
            3,
            0,
            0
        ],
        [
            3,
            0,
            1
        ],
        [
            3,
            0,
            3
        ],
        [
            3,
            1,
            0
        ],
        [
            3,
            1,
            1
        ],
        [
            3,
            1,
            3
        ],
        [
            3,
            3,
            0
        ],
        [
            3,
            3,
            1
        ],
        [
            3,
            3,
            3
        ],
        [
            4,
            0,
            0
        ],
        [
            4,
            0,
            1
        ],
        [
            4,
            0,
            3
        ],
        [
            4,
            1,
            0
        ],
        [
            4,
            1,
            1
        ],
        [
            4,
            1,
            3
        ],
        [
            4,
            3,
            0
        ],
        [
            4,
            3,
            1
        ],
        [
            4,
            3,
            3
        ],
        [
            5,
            0,
            0
        ],
        [
            5,
            0,
            1
        ],
        [
            5,
            1,
            1
        ],
        [
            5,
            1,
            3
        ],
        [
            5,
            3,
            0
        ],
        [
            5,
            3,
            1
        ],
        [
            5,
            3,
            3
        ],
        [
            6,
            0,
            1
        ],
        [
            6,
            0,
            3
        ],
        [
            6,
            1,
            0
        ],
        [
            6,
            1,
            3
        ],
        [
            6,
            3,
            0
        ],
        [
            6,
            3,
            1
        ],
        [
            6,
            3,
            3
        ]
    ],
    "version": "0.1"
}